[..][cross] error[..]: The argument '[..]--color <WHEN>[..]' was provided more than once, but cannot be used multiple times

USAGE:
    cross [+toolchain] [OPTIONS] [SUBCOMMAND]

For more information try [..]--help[..]
