This error indicates that the compiler cannot guarantee a matching pattern for
one or more possible inputs to a match expression. Guaranteed matches are
required in order to assign values to match expressions, or alternatively,
determine the flow of execution.
...