[..][cross] warning[..]:[..] unable to get metadata for package
[..][cross] note[..]:[..] Falling back to `cargo` on the host.
[..]error[..]:[..] toolchain 'cross-fake-toolchain' is not installed
