[..][cross] note[..]:[..] Falling back to `cargo` on the host.
