+ cargo --quiet --verbose
Rust's package manager

USAGE:
    cargo [+toolchain] [OPTIONS] [SUBCOMMAND]
...