+ cargo --quiet --verbose --list
Cross Commands:
...
Host Commands:
...
