[..][cross] error[..]:[..] cannot set both --verbose and --quiet
